Microchip MPLAB XC8 Compiler V2.10 ()

Linker command line:

-W-3 --edf=C:\Program Files (x86)\Microchip\xc8\v2.10\pic\dat\en_msgs.txt \
  -cs -h+dist/default/production\stamp.X.production.sym \
  --cmf=dist/default/production\stamp.X.production.cmf -z -Q16F648A \
  -oC:\Users\ec29118k\AppData\Local\Temp\s6fc.2 --defsym=__MPLAB_BUILD=1 \
  -Mdist/default/production/stamp.X.production.map -E1 -ver=XC8 \
  --acfsm=1493 -ASTACK=0A0h-0EFh -pstack=STACK -ACODE=00h-07FFhx2 \
  -ASTRCODE=00h-0FFFh -ASTRING=00h-0FFhx16 -ACONST=00h-0FFhx16 \
  -AENTRY=00h-0FFhx16 -ACOMMON=070h-07Fh -ABANK0=020h-06Fh \
  -ABANK1=0A0h-0EFh -ABANK2=0120h-016Fh \
  -ARAM=020h-06Fh,0A0h-0EFh,0120h-016Fh \
  -AABS1=020h-07Fh,0A0h-0EFh,0120h-016Fh -ASFR0=00h-01Fh -ASFR1=080h-09Fh \
  -ASFR2=0100h-011Fh -ASFR3=0180h-01EFh \
  -preset_vec=00h,intentry=04h,init,end_init -ppowerup=CODE -pcinit=CODE \
  -pfunctab=ENTRY -ACONFIG=02007h-02007h -pconfig=CONFIG -DCONFIG=2 \
  -AIDLOC=02000h-02003h -pidloc=IDLOC -DIDLOC=2 -AEEDATA=00h-0FFh/02100h \
  -peeprom_data=EEDATA -DEEDATA=2 -DCODE=2 -DSTRCODE=2 -DSTRING=2 -DCONST=2 \
  -DENTRY=2 -k C:\Users\ec29118k\AppData\Local\Temp\s6fc.o \
  dist/default/production\stamp.X.production.o 

Object code version is 3.11

Machine type is 16F648A



                Name                               Link     Load   Length Selector   Space Scale
C:\Users\ec29118k\AppData\Local\Temp\s6fc.o
                end_init                              B        B        2        8       0
                reset_vec                             0        0        2        0       0
                config                             2007     2007        1     400E       0
dist/default/production\stamp.X.production.o
                cinit                                 D        D       15        8       0
                intentry                              4        4        7        8       0
                text12                              20F      20F       24        8       0
                text11                              1EB      1EB       24        8       0
                text10                              233      233       1D        8       0
                text9                               2AC      2AC        E        8       0
                text8                               29E      29E        E        8       0
                text7                               290      290        E        8       0
                text6                               188      188       3A        8       0
                text5                                B1       B1       78        8       0
                text4                               2C1      2C1        5      582       0
                text3                               269      269       16        8       0
                text2                               129      129       5F        8       0
                text1                               1C2      1C2       29        8       0
                maintext                             22       22       8F        8       0
                cstackBANK0                          39       39        F       20       1
                cstackCOMMON                         70       70        7       70       1
                inittext                            27F      27F       11        8       0
                dataBANK0                            20       20       19       20       1
                dataCOMMON                           79       79        1       70       1
                bssCOMMON                            77       77        2       70       1
                strings                             2BA      2BA        7      574       0
                idataBANK0                          250      250       19        8       0
                idataCOMMON                         2C6      2C6        1      582       0

TOTAL           Name                               Link     Load   Length     Space
        CLASS   STACK          

        CLASS   CODE           
                end_init                              B        B        2         0
                cinit                                 D        D       15         0
                intentry                              4        4        7         0
                reset_vec                             0        0        2         0
                text12                              20F      20F       24         0
                text11                              1EB      1EB       24         0
                text10                              233      233       1D         0
                text9                               2AC      2AC        E         0
                text8                               29E      29E        E         0
                text7                               290      290        E         0
                text6                               188      188       3A         0
                text5                                B1       B1       78         0
                text4                               2C1      2C1        5         0
                text3                               269      269       16         0
                text2                               129      129       5F         0
                text1                               1C2      1C2       29         0
                maintext                             22       22       8F         0
                inittext                            27F      27F       11         0
                idataBANK0                          250      250       19         0
                idataCOMMON                         2C6      2C6        1         0

        CLASS   STRCODE        

        CLASS   STRING         
                strings                             2BA      2BA        7         0

        CLASS   CONST          

        CLASS   ENTRY          

        CLASS   COMMON         
                cstackCOMMON                         70       70        7         1
                dataCOMMON                           79       79        1         1
                bssCOMMON                            77       77        2         1

        CLASS   BANK0          
                cstackBANK0                          39       39        F         1
                dataBANK0                            20       20       19         1

        CLASS   BANK1          

        CLASS   BANK2          

        CLASS   RAM            

        CLASS   ABS1           
                abs_s1                               7E       7E        2         1

        CLASS   SFR0           

        CLASS   SFR1           

        CLASS   SFR2           

        CLASS   SFR3           

        CLASS   CONFIG         
                config                             2007     2007        1         0

        CLASS   IDLOC          

        CLASS   EEDATA         

        CLASS   BANK3          



SEGMENTS        Name                           Load    Length   Top    Selector   Space  Class     Delta

                reset_vec                      000000  000002  000002         0       0  CODE        2
                intentry                       000004  0002B6  0002BA         8       0  CODE        2
                dataBANK0                      000020  000028  000048        20       1  BANK0       1
                cstackCOMMON                   000070  00000A  00007A        70       1  COMMON      1
                strings                        0002BA  000007  0002C1       574       0  STRING      2
                text4                          0002C1  000006  0002C7       582       0  CODE        2
                config                         002007  000001  002008      400E       0  CONFIG      2


UNUSED ADDRESS RANGES

        Name                Unused          Largest block    Delta
        BANK0            0048-006F             28           1
        BANK1            00A0-00EF             50           1
        BANK2            0120-016F             50           1
        CODE             0002-0003              2           2
                         02C7-0FFF            539
        COMMON           007A-007D              4           1
        CONST            0002-0003              2           2
                         02C7-0FFF            100
        EEDATA           2100-21FF            100           2
        ENTRY            0002-0003              2           2
                         02C7-0FFF            100
        IDLOC            2000-2003              4           2
        RAM              0048-006F             28           1
                         00A0-00EF             50
                         0120-016F             50
        SFR0             0000-001F             20           1
        SFR1             0080-009F             20           1
        SFR2             0100-011F             20           1
        SFR3             0180-01EF             70           1
        STACK            00A0-00EF             50           1
        STRCODE          0002-0003              2           2
                         02C7-0FFF            D39
        STRING           0002-0003              2           2
                         02C7-0FFF            100

                                  Symbol Table

?_Transition             cstackCOMMON 0074
DispCoinA@num            cstackCOMMON 0074
DispCoinB@num            cstackCOMMON 0074
DispStatus@bit1          cstackBANK0  0039
StampOut@num             cstackBANK0  0039
Transition@a             cstackCOMMON 0075
Transition@b             cstackCOMMON 0076
Transition@it            cstackBANK0  003B
Transition@st            cstackCOMMON 0074
_CMCON                   (abs)        001F
_DispCoinA               text11       01EB
_DispCoinB               text10       0233
_DispStatus              text7        0290
_GIE                     (abs)        005F
_OPTION_REG              (abs)        0081
_PORTA                   (abs)        0005
_PORTB                   (abs)        0006
_StampOut                text6        0188
_T0IE                    (abs)        005D
_T0IF                    (abs)        005A
_TMR0                    (abs)        0001
_TRISA                   (abs)        0085
_TRISB                   (abs)        0086
_Transition              text5        00B1
__CFG_BOREN$OFF          (abs)        0000
__CFG_FOSC$HS            (abs)        0000
__CFG_LVP$OFF            (abs)        0000
__CFG_PWRTE$ON           (abs)        0000
__CFG_WDTE$OFF           (abs)        0000
__Habs1                  abs1         0000
__Hbank0                 bank0        0000
__Hbank1                 bank1        0000
__Hbank2                 bank2        0000
__Hbank3                 bank3        0000
__HbssCOMMON             bssCOMMON    0000
__Hcinit                 cinit        0022
__Hclrtext               clrtext      0000
__Hcode                  code         0000
__Hcommon                common       0000
__Hconfig                config       2008
__HcstackBANK0           cstackBANK0  0000
__HcstackCOMMON          cstackCOMMON 0000
__HdataBANK0             dataBANK0    0000
__HdataCOMMON            dataCOMMON   0000
__Heeprom_data           eeprom_data  0000
__Hend_init              end_init     000D
__Hfunctab               functab      0000
__HidataBANK0            idataBANK0   0000
__HidataCOMMON           idataCOMMON  0000
__Hidloc                 idloc        0000
__Hinit                  init         000B
__Hinittext              inittext     0000
__Hintentry              intentry     000B
__Hmaintext              maintext     0000
__Hpowerup               powerup      0000
__Hram                   ram          0000
__Hreset_vec             reset_vec    0002
__Hsfr0                  sfr0         0000
__Hsfr1                  sfr1         0000
__Hsfr2                  sfr2         0000
__Hsfr3                  sfr3         0000
__Hspace_0               (abs)        2008
__Hspace_1               (abs)        007A
__Hspace_2               (abs)        0000
__Hspace_3               (abs)        0000
__Hstack                 stack        0000
__Hstrings               strings      0000
__Htext                  text         0000
__Labs1                  abs1         0000
__Lbank0                 bank0        0000
__Lbank1                 bank1        0000
__Lbank2                 bank2        0000
__Lbank3                 bank3        0000
__LbssCOMMON             bssCOMMON    0000
__Lcinit                 cinit        000D
__Lclrtext               clrtext      0000
__Lcode                  code         0000
__Lcommon                common       0000
__Lconfig                config       2007
__LcstackBANK0           cstackBANK0  0000
__LcstackCOMMON          cstackCOMMON 0000
__LdataBANK0             dataBANK0    0000
__LdataCOMMON            dataCOMMON   0000
__Leeprom_data           eeprom_data  0000
__Lend_init              end_init     000B
__Lfunctab               functab      0000
__LidataBANK0            idataBANK0   0000
__LidataCOMMON           idataCOMMON  0000
__Lidloc                 idloc        0000
__Linit                  init         000B
__Linittext              inittext     0000
__Lintentry              intentry     0004
__Lmaintext              maintext     0000
__Lpowerup               powerup      0000
__Lram                   ram          0000
__Lreset_vec             reset_vec    0000
__Lsfr0                  sfr0         0000
__Lsfr1                  sfr1         0000
__Lsfr2                  sfr2         0000
__Lsfr3                  sfr3         0000
__Lspace_0               (abs)        0000
__Lspace_1               (abs)        0000
__Lspace_2               (abs)        0000
__Lspace_3               (abs)        0000
__Lstack                 stack        0000
__Lstrings               strings      0000
__Ltext                  text         0000
__S0                     (abs)        2008
__S1                     (abs)        007A
__S2                     (abs)        0000
__S3                     (abs)        0000
___int_sp                stack        0000
___latbits               (abs)        0001
___sp                    stack        0000
___stackhi               (abs)        0000
___stacklo               (abs)        0000
__end_of_DispCoinA       text11       020F
__end_of_DispCoinB       text10       0250
__end_of_DispStatus      text7        029E
__end_of_StampOut        text6        01C2
__end_of_Transition      text5        0129
__end_of_UPDATE          strings      02C1
__end_of__initialization cinit        001F
__end_of__stringtab      strings      02C0
__end_of_halt            text4        02C6
__end_of_init            text3        027F
__end_of_isr             text12       0233
__end_of_led_off         text9        02BA
__end_of_led_on          text8        02AC
__end_of_main            maintext     00B1
__end_of_sw_read         text2        0188
__end_of_timer           text1        01EB
__initialization         cinit        000D
__pbssCOMMON             bssCOMMON    0077
__pcstackBANK0           cstackBANK0  0039
__pcstackCOMMON          cstackCOMMON 0070
__pdataBANK0             dataBANK0    0020
__pdataCOMMON            dataCOMMON   0079
__pidataBANK0            idataBANK0   0250
__pidataCOMMON           idataCOMMON  02C6
__pintentry              intentry     0004
__pmaintext              maintext     0022
__pstrings               strings      02BA
__ptext1                 text1        01C2
__ptext10                text10       0233
__ptext11                text11       01EB
__ptext12                text12       020F
__ptext2                 text2        0129
__ptext3                 text3        0269
__ptext4                 text4        02C1
__ptext5                 text5        00B1
__ptext6                 text6        0188
__ptext7                 text7        0290
__ptext8                 text8        029E
__ptext9                 text9        02AC
__size_of_DispCoinA      (abs)        0000
__size_of_DispCoinB      (abs)        0000
__size_of_DispStatus     (abs)        0000
__size_of_StampOut       (abs)        0000
__size_of_Transition     (abs)        0000
__size_of_halt           (abs)        0000
__size_of_init           (abs)        0000
__size_of_isr            (abs)        0000
__size_of_led_off        (abs)        0000
__size_of_led_on         (abs)        0000
__size_of_main           (abs)        0000
__size_of_sw_read        (abs)        0000
__size_of_timer          (abs)        0000
__stringbase             strings      02BF
__stringtab              strings      02BA
_cnt                     dataCOMMON   0079
_halt                    text4        02C1
_init                    text3        0269
_isr                     text12       020F
_led_off                 text9        02AC
_led_on                  text8        029E
_main                    maintext     0022
_outcoin                 bssCOMMON    0077
_outfg                   bssCOMMON    0078
_red_led                 dataBANK0    0034
_status_bit              dataBANK0    0020
_sw_read                 text2        0129
_timer                   text1        01C2
btemp                    (abs)        007E
end_of_initialization    cinit        001F
init_fetch0              inittext     027F
init_ram0                inittext     0283
interrupt_function       intentry     0004
intlevel0                functab      0000
intlevel1                functab      0000
intlevel2                functab      0000
intlevel3                functab      0000
intlevel4                functab      0000
intlevel5                functab      0000
isr@i                    cstackCOMMON 0073
led_off@bit1             cstackCOMMON 0075
led_off@data             cstackCOMMON 0076
led_on@bit1              cstackCOMMON 0075
led_on@data              cstackCOMMON 0076
main@a                   cstackBANK0  0045
main@b                   cstackBANK0  0043
main@it                  cstackBANK0  0042
main@s                   cstackBANK0  0040
main@st                  cstackBANK0  0047
reset_vec                reset_vec    0000
saved_w                  (abs)        007E
start                    init         000B
start_initialization     cinit        000D
sw_read@data             cstackBANK0  003C
sw_read@data2            cstackBANK0  003B
sw_read@t                cstackBANK0  0039
timer@i                  cstackBANK0  0039
timer@j                  cstackBANK0  003A
timer@t                  cstackBANK0  003B
wtemp0                   (abs)        007E


FUNCTION INFORMATION:

 *************** function _main *****************
 Defined at:
		line 35 in file "pic30/stamp.c"
 Parameters:    Size  Location     Type
		None
 Auto vars:     Size  Location     Type
  a               2   12[BANK0 ] int 
  b               2   10[BANK0 ] int 
  s               2    7[BANK0 ] int 
  st              1   14[BANK0 ] enum E474
  it              1    9[BANK0 ] unsigned char 
 Return value:  Size  Location     Type
                  2  132[None  ] int 
 Registers used:
		wreg, fsr0l, fsr0h, status,2, status,0, btemp+1, pclath, cstack
 Tracked objects:
		On entry : 
		On exit  : 
		Unchanged: 
 Data sizes:     COMMON   BANK0   BANK1   BANK2
      Params:         0       0       0       0
      Locals:         0       8       0       0
      Temps:          0       3       0       0
      Totals:         0      11       0       0
Total ram usage:       11 bytes
 Hardware stack levels required when called:    3
 This function calls:
		_DispCoinA
		_DispCoinB
		_DispStatus
		_StampOut
		_Transition
		_halt
		_init
		_sw_read
		_timer
 This function is called by:
		Startup code after reset
 This function uses a non-reentrant model


 *************** function _timer *****************
 Defined at:
		line 153 in file "pic30/piclib.c"
 Parameters:    Size  Location     Type
  i               1    wreg     unsigned char 
 Auto vars:     Size  Location     Type
  i               1    0[BANK0 ] unsigned char 
  t               2    2[BANK0 ] int 
  j               1    1[BANK0 ] unsigned char 
 Return value:  Size  Location     Type
                  1    wreg      void 
 Registers used:
		wreg, status,2, status,0, btemp+1
 Tracked objects:
		On entry : 
		On exit  : 
		Unchanged: 
 Data sizes:     COMMON   BANK0   BANK1   BANK2
      Params:         0       0       0       0
      Locals:         0       4       0       0
      Temps:          1       0       0       0
      Totals:         1       4       0       0
Total ram usage:        5 bytes
 Hardware stack levels used:    1
 Hardware stack levels required when called:    1
 This function calls:
		Nothing
 This function is called by:
		_main
 This function uses a non-reentrant model


 *************** function _sw_read *****************
 Defined at:
		line 57 in file "pic30/piclib.c"
 Parameters:    Size  Location     Type
		None
 Auto vars:     Size  Location     Type
  t               2    0[BANK0 ] int 
  data            1    3[BANK0 ] unsigned char 
  data2           1    2[BANK0 ] unsigned char 
 Return value:  Size  Location     Type
                  1    wreg      unsigned char 
 Registers used:
		wreg, status,2, status,0, btemp+1
 Tracked objects:
		On entry : 
		On exit  : 
		Unchanged: 
 Data sizes:     COMMON   BANK0   BANK1   BANK2
      Params:         0       0       0       0
      Locals:         0       4       0       0
      Temps:          1       0       0       0
      Totals:         1       4       0       0
Total ram usage:        5 bytes
 Hardware stack levels used:    1
 Hardware stack levels required when called:    1
 This function calls:
		Nothing
 This function is called by:
		_main
 This function uses a non-reentrant model


 *************** function _init *****************
 Defined at:
		line 16 in file "pic30/piclib.c"
 Parameters:    Size  Location     Type
		None
 Auto vars:     Size  Location     Type
		None
 Return value:  Size  Location     Type
                  1    wreg      void 
 Registers used:
		wreg, status,2
 Tracked objects:
		On entry : 
		On exit  : 
		Unchanged: 
 Data sizes:     COMMON   BANK0   BANK1   BANK2
      Params:         0       0       0       0
      Locals:         0       0       0       0
      Temps:          0       0       0       0
      Totals:         0       0       0       0
Total ram usage:        0 bytes
 Hardware stack levels used:    1
 Hardware stack levels required when called:    1
 This function calls:
		Nothing
 This function is called by:
		_main
 This function uses a non-reentrant model


 *************** function _halt *****************
 Defined at:
		line 166 in file "pic30/piclib.c"
 Parameters:    Size  Location     Type
		None
 Auto vars:     Size  Location     Type
		None
 Return value:  Size  Location     Type
                  1    wreg      void 
 Registers used:
		status,2
 Tracked objects:
		On entry : 
		On exit  : 
		Unchanged: 
 Data sizes:     COMMON   BANK0   BANK1   BANK2
      Params:         0       0       0       0
      Locals:         0       0       0       0
      Temps:          0       0       0       0
      Totals:         0       0       0       0
Total ram usage:        0 bytes
 Hardware stack levels used:    1
 Hardware stack levels required when called:    1
 This function calls:
		Nothing
 This function is called by:
		_main
 This function uses a non-reentrant model


 *************** function _Transition *****************
 Defined at:
		line 65 in file "pic30/stamp.c"
 Parameters:    Size  Location     Type
  it              1    wreg     unsigned char 
  st              1    4[COMMON] PTR enum E474
		 -> main@st(1), 
  a               1    5[COMMON] PTR int 
		 -> main@a(2), 
  b               1    6[COMMON] PTR int 
		 -> main@b(2), 
 Auto vars:     Size  Location     Type
  it              1    2[BANK0 ] unsigned char 
 Return value:  Size  Location     Type
                  2    4[COMMON] int 
 Registers used:
		wreg, fsr0l, fsr0h, status,2, status,0
 Tracked objects:
		On entry : 
		On exit  : 
		Unchanged: 
 Data sizes:     COMMON   BANK0   BANK1   BANK2
      Params:         3       0       0       0
      Locals:         0       1       0       0
      Temps:          0       2       0       0
      Totals:         3       3       0       0
Total ram usage:        6 bytes
 Hardware stack levels used:    1
 Hardware stack levels required when called:    1
 This function calls:
		Nothing
 This function is called by:
		_main
 This function uses a non-reentrant model


 *************** function _StampOut *****************
 Defined at:
		line 95 in file "pic30/piclib.c"
 Parameters:    Size  Location     Type
  num             2    0[BANK0 ] int 
 Auto vars:     Size  Location     Type
		None
 Return value:  Size  Location     Type
                  1    wreg      void 
 Registers used:
		wreg, status,2, status,0, btemp+1, pclath, cstack
 Tracked objects:
		On entry : 
		On exit  : 
		Unchanged: 
 Data sizes:     COMMON   BANK0   BANK1   BANK2
      Params:         0       2       0       0
      Locals:         0       0       0       0
      Temps:          0       0       0       0
      Totals:         0       2       0       0
Total ram usage:        2 bytes
 Hardware stack levels used:    1
 Hardware stack levels required when called:    2
 This function calls:
		_led_on
 This function is called by:
		_main
 This function uses a non-reentrant model


 *************** function _DispStatus *****************
 Defined at:
		line 85 in file "pic30/piclib.c"
 Parameters:    Size  Location     Type
  bit1            1    wreg     unsigned char 
 Auto vars:     Size  Location     Type
  bit1            1    0[BANK0 ] unsigned char 
 Return value:  Size  Location     Type
                  1    wreg      void 
 Registers used:
		wreg, status,2, status,0, pclath, cstack
 Tracked objects:
		On entry : 
		On exit  : 
		Unchanged: 
 Data sizes:     COMMON   BANK0   BANK1   BANK2
      Params:         0       0       0       0
      Locals:         0       1       0       0
      Temps:          0       0       0       0
      Totals:         0       1       0       0
Total ram usage:        1 bytes
 Hardware stack levels used:    1
 Hardware stack levels required when called:    2
 This function calls:
		_led_off
		_led_on
 This function is called by:
		_main
 This function uses a non-reentrant model


 *************** function _led_on *****************
 Defined at:
		line 33 in file "pic30/piclib.c"
 Parameters:    Size  Location     Type
  bit1            1    wreg     unsigned char 
 Auto vars:     Size  Location     Type
  bit1            1    5[COMMON] unsigned char 
  data            1    6[COMMON] unsigned char 
 Return value:  Size  Location     Type
                  1    wreg      void 
 Registers used:
		wreg, status,2, status,0
 Tracked objects:
		On entry : 
		On exit  : 
		Unchanged: 
 Data sizes:     COMMON   BANK0   BANK1   BANK2
      Params:         0       0       0       0
      Locals:         2       0       0       0
      Temps:          1       0       0       0
      Totals:         3       0       0       0
Total ram usage:        3 bytes
 Hardware stack levels used:    1
 Hardware stack levels required when called:    1
 This function calls:
		Nothing
 This function is called by:
		_DispStatus
		_StampOut
 This function uses a non-reentrant model


 *************** function _led_off *****************
 Defined at:
		line 45 in file "pic30/piclib.c"
 Parameters:    Size  Location     Type
  bit1            1    wreg     unsigned char 
 Auto vars:     Size  Location     Type
  bit1            1    5[COMMON] unsigned char 
  data            1    6[COMMON] unsigned char 
 Return value:  Size  Location     Type
                  1    wreg      void 
 Registers used:
		wreg, status,2, status,0
 Tracked objects:
		On entry : 
		On exit  : 
		Unchanged: 
 Data sizes:     COMMON   BANK0   BANK1   BANK2
      Params:         0       0       0       0
      Locals:         2       0       0       0
      Temps:          1       0       0       0
      Totals:         3       0       0       0
Total ram usage:        3 bytes
 Hardware stack levels used:    1
 Hardware stack levels required when called:    1
 This function calls:
		Nothing
 This function is called by:
		_DispStatus
 This function uses a non-reentrant model


 *************** function _DispCoinB *****************
 Defined at:
		line 122 in file "pic30/piclib.c"
 Parameters:    Size  Location     Type
  num             2    4[COMMON] int 
 Auto vars:     Size  Location     Type
		None
 Return value:  Size  Location     Type
                  2    4[COMMON] int 
 Registers used:
		wreg, btemp+1
 Tracked objects:
		On entry : 
		On exit  : 
		Unchanged: 
 Data sizes:     COMMON   BANK0   BANK1   BANK2
      Params:         2       0       0       0
      Locals:         0       0       0       0
      Temps:          0       0       0       0
      Totals:         2       0       0       0
Total ram usage:        2 bytes
 Hardware stack levels used:    1
 Hardware stack levels required when called:    1
 This function calls:
		Nothing
 This function is called by:
		_main
 This function uses a non-reentrant model


 *************** function _DispCoinA *****************
 Defined at:
		line 110 in file "pic30/piclib.c"
 Parameters:    Size  Location     Type
  num             2    4[COMMON] int 
 Auto vars:     Size  Location     Type
		None
 Return value:  Size  Location     Type
                  2    4[COMMON] int 
 Registers used:
		wreg, fsr0l, fsr0h, status,2, status,0, btemp+1
 Tracked objects:
		On entry : 
		On exit  : 
		Unchanged: 
 Data sizes:     COMMON   BANK0   BANK1   BANK2
      Params:         2       0       0       0
      Locals:         0       0       0       0
      Temps:          1       0       0       0
      Totals:         3       0       0       0
Total ram usage:        3 bytes
 Hardware stack levels used:    1
 Hardware stack levels required when called:    1
 This function calls:
		Nothing
 This function is called by:
		_main
 This function uses a non-reentrant model


 *************** function _isr *****************
 Defined at:
		line 134 in file "pic30/piclib.c"
 Parameters:    Size  Location     Type
		None
 Auto vars:     Size  Location     Type
  i               1    3[COMMON] unsigned char 
 Return value:  Size  Location     Type
                  1    wreg      void 
 Registers used:
		wreg, status,2, status,0
 Tracked objects:
		On entry : 
		On exit  : 
		Unchanged: 
 Data sizes:     COMMON   BANK0   BANK1   BANK2
      Params:         0       0       0       0
      Locals:         1       0       0       0
      Temps:          3       0       0       0
      Totals:         4       0       0       0
Total ram usage:        4 bytes
 Hardware stack levels used:    1
 This function calls:
		Nothing
 This function is called by:
		Interrupt level 1
 This function uses a non-reentrant model



MODULE INFORMATION

Module		Function		Class		Link	Load	Size
shared
		__stringtab    		STRING         	02BA	0000	7
		_UPDATE        		STRING         	0000	0000	0
		__initialization		CODE           	000D	0000	19

shared estimated size: 26

pic30/piclib.c
		_init          		CODE           	0269	0000	23
		_led_off       		CODE           	02AC	0000	15
		_sw_read       		CODE           	0129	0000	96
		_timer         		CODE           	01C2	0000	42
		_DispStatus    		CODE           	0290	0000	15
		_isr           		CODE           	020F	0000	37
		_DispCoinA     		CODE           	01EB	0000	37
		_DispCoinB     		CODE           	0233	0000	30
		_led_on        		CODE           	029E	0000	15
		_halt          		CODE           	02C1	0000	6
		_StampOut      		CODE           	0188	0000	59

pic30/piclib.c estimated size: 375

pic30/stamp.c
		_main          		CODE           	0022	0000	144
		_Transition    		CODE           	00B1	0000	121

pic30/stamp.c estimated size: 265

